// Jest Snapshot v1, https://goo.gl/fbAQLP

exports[`Scan sourcing action Sets relevant state values when scan data is imported 1`] = `
Object {
  "currentScan": Object {
    "date": 2022-01-01T00:00:00.000Z,
    "pages": Array [
      0,
      1,
    ],
    "path": "public/1/2022_01_01/JRNL_00-01_0001.webp",
    "thumbPath": "public/1/2022_01_01/JRNL_00-01_0001_thumb.webp",
    "uid": "CL_000000",
    "version": 0,
    "volume": 1,
  },
  "date": 2022-01-05T19:16:33.000Z,
  "highestPage": 13,
  "manifestPath": "/scans/scan-manifest.json",
  "page": 0,
  "scans": Array [
    Object {
      "date": 2022-01-01T00:00:00.000Z,
      "pages": Array [
        0,
        1,
      ],
      "path": "public/1/2022_01_01/JRNL_00-01_0001.webp",
      "thumbPath": "public/1/2022_01_01/JRNL_00-01_0001_thumb.webp",
      "uid": "CL_000000",
      "version": 0,
      "volume": 1,
    },
    Object {
      "date": 2022-01-01T00:00:00.000Z,
      "pages": Array [
        2,
        3,
      ],
      "path": "public/1/2022_01_01/JRNL_02-03_0001.webp",
      "thumbPath": "public/1/2022_01_01/JRNL_02-03_0001_thumb.webp",
      "uid": "CL_000001",
      "version": 0,
      "volume": 1,
    },
    Object {
      "date": 2022-01-01T00:00:00.000Z,
      "pages": Array [
        4,
        5,
      ],
      "path": "public/1/2022_01_01/JRNL_04-05_0001.webp",
      "thumbPath": "public/1/2022_01_01/JRNL_04-05_0001_thumb.webp",
      "uid": "CL_000002",
      "version": 0,
      "volume": 1,
    },
    Object {
      "date": 2022-01-01T00:00:00.000Z,
      "pages": Array [
        6,
        7,
      ],
      "path": "public/1/2022_01_01/JRNL_06-07_0001.webp",
      "thumbPath": "public/1/2022_01_01/JRNL_06-07_0001_thumb.webp",
      "uid": "CL_000003",
      "version": 0,
      "volume": 1,
    },
    Object {
      "date": 2022-01-01T00:00:00.000Z,
      "pages": Array [
        8,
        9,
      ],
      "path": "public/1/2022_01_01/JRNL_08-09_0001.webp",
      "thumbPath": "public/1/2022_01_01/JRNL_08-09_0001_thumb.webp",
      "uid": "CL_000004",
      "version": 0,
      "volume": 1,
    },
    Object {
      "date": 2022-01-01T00:00:00.000Z,
      "pages": Array [
        10,
        11,
      ],
      "path": "public/1/2022_01_01/JRNL_10-11_0001.webp",
      "thumbPath": "public/1/2022_01_01/JRNL_10-11_0001_thumb.webp",
      "uid": "CL_000005",
      "version": 0,
      "volume": 1,
    },
    Object {
      "date": 2022-01-02T00:00:00.000Z,
      "pages": Array [
        4,
        5,
      ],
      "path": "public/1/2022_01_02/JRNL_04-05_0001.webp",
      "thumbPath": "public/1/2022_01_02/JRNL_04-05_0001_thumb.webp",
      "uid": "CL_000006",
      "version": 0,
      "volume": 1,
    },
    Object {
      "date": 2022-01-02T00:00:00.000Z,
      "pages": Array [
        6,
        7,
      ],
      "path": "public/1/2022_01_02/JRNL_06-07_0001.webp",
      "thumbPath": "public/1/2022_01_02/JRNL_06-07_0001_thumb.webp",
      "uid": "CL_000007",
      "version": 0,
      "volume": 1,
    },
    Object {
      "date": 2022-01-02T00:00:00.000Z,
      "pages": Array [
        10,
        11,
      ],
      "path": "public/1/2022_01_02/JRNL_10-11_0001.webp",
      "thumbPath": "public/1/2022_01_02/JRNL_10-11_0001_thumb.webp",
      "uid": "CL_000008",
      "version": 0,
      "volume": 1,
    },
    Object {
      "date": 2022-01-02T00:00:00.000Z,
      "pages": Array [
        12,
        13,
      ],
      "path": "public/1/2022_01_02/JRNL_12-13_0001.webp",
      "thumbPath": "public/1/2022_01_02/JRNL_12-13_0001_thumb.webp",
      "uid": "CL_000009",
      "version": 0,
      "volume": 1,
    },
    Object {
      "date": 2022-01-02T00:00:00.000Z,
      "pages": Array [
        0,
        1,
      ],
      "path": "public/2/2022_01_02/JRNL_00-01_0001.webp",
      "thumbPath": "public/2/2022_01_02/JRNL_00-01_0001_thumb.webp",
      "uid": "CL_000010",
      "version": 0,
      "volume": 2,
    },
    Object {
      "date": 2022-01-02T00:00:00.000Z,
      "pages": Array [
        2,
        3,
      ],
      "path": "public/2/2022_01_02/JRNL_02-03_0001.webp",
      "thumbPath": "public/2/2022_01_02/JRNL_02-03_0001_thumb.webp",
      "uid": "CL_000011",
      "version": 0,
      "volume": 2,
    },
    Object {
      "date": 2022-01-02T00:00:00.000Z,
      "pages": Array [
        4,
        5,
      ],
      "path": "public/2/2022_01_02/JRNL_04-05_0001.webp",
      "thumbPath": "public/2/2022_01_02/JRNL_04-05_0001_thumb.webp",
      "uid": "CL_000012",
      "version": 0,
      "volume": 2,
    },
    Object {
      "date": 2022-01-02T00:00:00.000Z,
      "pages": Array [
        6,
        7,
      ],
      "path": "public/2/2022_01_02/JRNL_06-07_0001.webp",
      "thumbPath": "public/2/2022_01_02/JRNL_06-07_0001_thumb.webp",
      "uid": "CL_000013",
      "version": 0,
      "volume": 2,
    },
    Object {
      "date": 2022-01-02T00:00:00.000Z,
      "pages": Array [
        8,
        9,
      ],
      "path": "public/2/2022_01_02/JRNL_08-09_0001.webp",
      "thumbPath": "public/2/2022_01_02/JRNL_08-09_0001_thumb.webp",
      "uid": "CL_000014",
      "version": 0,
      "volume": 2,
    },
    Object {
      "date": 2022-01-03T00:00:00.000Z,
      "pages": Array [
        2,
        3,
      ],
      "path": "public/2/2022_01_03/JRNL_02-03_0001.webp",
      "thumbPath": "public/2/2022_01_03/JRNL_02-03_0001_thumb.webp",
      "uid": "CL_000015",
      "version": 0,
      "volume": 2,
    },
    Object {
      "date": 2022-01-03T00:00:00.000Z,
      "pages": Array [
        10,
        11,
      ],
      "path": "public/2/2022_01_03/JRNL_10-11_0001.webp",
      "thumbPath": "public/2/2022_01_03/JRNL_10-11_0001_thumb.webp",
      "uid": "CL_000016",
      "version": 0,
      "volume": 2,
    },
    Object {
      "date": 2022-01-03T00:00:00.000Z,
      "pages": Array [
        12,
        13,
      ],
      "path": "public/2/2022_01_03/JRNL_12-13_0001.webp",
      "thumbPath": "public/2/2022_01_03/JRNL_12-13_0001_thumb.webp",
      "uid": "CL_000017",
      "version": 0,
      "volume": 2,
    },
    Object {
      "date": 2021-12-30T00:00:00.000Z,
      "pages": Array [
        0,
        1,
      ],
      "path": "public/1/2021_12_30/JRNL_00-01_0001.webp",
      "thumbPath": "public/1/2021_12_30/JRNL_00-01_0001_thumb.webp",
      "uid": "CL_000018",
      "version": 0,
      "volume": 1,
    },
    Object {
      "date": 2022-02-01T00:00:00.000Z,
      "pages": Array [
        0,
        1,
      ],
      "path": "public/1/2022_02_01/JRNL_00-01_0001.webp",
      "thumbPath": "public/1/2022_02_01/JRNL_00-01_0001_thumb.webp",
      "uid": "CL_000019",
      "version": 0,
      "volume": 1,
    },
  ],
  "volume": 1,
}
`;
